// Jest Snapshot v1, https://goo.gl/fbAQLP

exports[`should match snapshot 1`] = `
<div
  className="DummyScreen"
>
  <h1>
    Helping Hands
  </h1>
</div>
`;
